vagrant@k8smaster:~$ cat /etc/hosts
127.0.0.1	localhost

# The following lines are desirable for IPv6 capable hosts
::1	ip6-localhost	ip6-loopback
fe00::0	ip6-localnet
ff00::0	ip6-mcastprefix
ff02::1	ip6-allnodes
ff02::2	ip6-allrouters
ff02::3	ip6-allhosts
127.0.1.1	k8smaster.ovn	k8smaster

192.168.33.11 k8smaster
192.168.33.12 k8sminion1
192.168.33.13 k8sminion2
vagrant@k8smaster:~$ route -n
Kernel IP routing table
Destination     Gateway         Genmask         Flags Metric Ref    Use Iface
0.0.0.0         10.0.2.2        0.0.0.0         UG    0      0        0 enp0s3
10.0.2.0        0.0.0.0         255.255.255.0   U     0      0        0 enp0s3
30.1.1.0        0.0.0.0         255.255.255.0   U     0      0        0 enp0s9
172.16.1.0      192.168.0.1     255.255.255.0   UG    0      0        0 k8s-k8smaster
172.17.0.0      0.0.0.0         255.255.0.0     U     0      0        0 docker0
192.168.0.0     0.0.0.0         255.255.255.0   U     0      0        0 k8s-k8smaster
192.168.0.0     192.168.0.1     255.255.0.0     UG    0      0        0 k8s-k8smaster
192.168.33.0    0.0.0.0         255.255.255.0   U     0      0        0 enp0s8
vagrant@k8smaster:~$

vagrant@k8smaster:~$ sudo route add default gw 192.168.33.2
vagrant@k8smaster:~# route -n
Kernel IP routing table
Destination     Gateway         Genmask         Flags Metric Ref    Use Iface
0.0.0.0         192.168.33.2    0.0.0.0         UG    0      0        0 enp0s8
0.0.0.0         10.0.2.2        0.0.0.0         UG    0      0        0 enp0s3
10.0.2.0        0.0.0.0         255.255.255.0   U     0      0        0 enp0s3
30.1.1.0        0.0.0.0         255.255.255.0   U     0      0        0 enp0s9
172.16.1.0      192.168.0.1     255.255.255.0   UG    0      0        0 k8s-k8smaster
172.17.0.0      0.0.0.0         255.255.0.0     U     0      0        0 docker0
192.168.0.0     0.0.0.0         255.255.255.0   U     0      0        0 k8s-k8smaster
192.168.0.0     192.168.0.1     255.255.0.0     UG    0      0        0 k8s-k8smaster
192.168.33.0    0.0.0.0         255.255.255.0   U     0      0        0 enp0s8


vagrant@k8smaster:~$ iperf -c 224.1.1.1 -u -T 32 -t 3 -i 1
------------------------------------------------------------
Client connecting to 224.1.1.1, UDP port 5001
Sending 1470 byte datagrams
Setting multicast TTL to 32
UDP buffer size:  208 KByte (default)
------------------------------------------------------------
[  3] local 192.168.33.11 port 42255 connected with 224.1.1.1 port 5001
[ ID] Interval       Transfer     Bandwidth
[  3]  0.0- 1.0 sec   129 KBytes  1.06 Mbits/sec
[  3]  1.0- 2.0 sec   128 KBytes  1.05 Mbits/sec
[  3]  2.0- 3.0 sec   128 KBytes  1.05 Mbits/sec
[  3]  0.0- 3.0 sec   386 KBytes  1.05 Mbits/sec
[  3] Sent 269 datagrams
vagrant@k8smaster:~$


vagrant@k8sminion2:~$ iperf -s -u -B 224.1.1.1 -i 1
------------------------------------------------------------
Server listening on UDP port 5001
Binding to local address 224.1.1.1
Joining multicast group  224.1.1.1
Receiving 1470 byte datagrams
UDP buffer size:  208 KByte (default)
------------------------------------------------------------
^Cvagrant@k8sminion2:~$
vagrant@k8sminion2:~$
vagrant@k8sminion2:~$
vagrant@k8sminion2:~$ sudo route add default gw 192.168.33.2
vagrant@k8sminion2:~$ iperf -s -u -B 224.1.1.1 -i 1
------------------------------------------------------------
Server listening on UDP port 5001
Binding to local address 224.1.1.1
Joining multicast group  224.1.1.1
Receiving 1470 byte datagrams
UDP buffer size:  208 KByte (default)
------------------------------------------------------------
[  3] local 224.1.1.1 port 5001 connected with 192.168.33.11 port 42255
[ ID] Interval       Transfer     Bandwidth        Jitter   Lost/Total Datagrams
[  3]  0.0- 1.0 sec   128 KBytes  1.05 Mbits/sec   0.094 ms    0/   89 (0%)
[  3]  1.0- 2.0 sec   128 KBytes  1.05 Mbits/sec   0.055 ms    0/   89 (0%)
[  3]  2.0- 3.0 sec   128 KBytes  1.05 Mbits/sec   0.071 ms    0/   89 (0%)
[  3]  0.0- 3.0 sec   386 KBytes  1.05 Mbits/sec   0.068 ms    0/  269 (0%)



vagrant@k8smaster:~$ kubectl exec -it -n mc1group iperfmc1-6479845666-gzfsm -- /bin/sh

/ $ iperf -c 224.1.1.1 -u -T 32 -t 3 -i 1
------------------------------------------------------------
Client connecting to 224.1.1.1, UDP port 5001
Sending 1470 byte datagrams, IPG target: 11215.21 us (kalman adjust)
Setting multicast TTL to 32
UDP buffer size:  208 KByte (default)
------------------------------------------------------------
[  3] local 192.168.1.3 port 42921 connected with 224.1.1.1 port 5001
[ ID] Interval       Transfer     Bandwidth
[  3]  0.0- 1.0 sec   131 KBytes  1.07 Mbits/sec
[  3]  1.0- 2.0 sec   126 KBytes  1.03 Mbits/sec
[  3]  2.0- 3.0 sec   129 KBytes  1.06 Mbits/sec
[  3]  0.0- 3.0 sec   386 KBytes  1.05 Mbits/sec
[  3] Sent 269 datagrams


vagrant@k8sminion2:~$ iperf -s -u -B 224.1.1.1 -i 1
------------------------------------------------------------
Server listening on UDP port 5001
Binding to local address 224.1.1.1
Joining multicast group  224.1.1.1
Receiving 1470 byte datagrams
UDP buffer size:  208 KByte (default)
------------------------------------------------------------


vagrant@k8smaster:~$ kubectl exec -it iperfmc2-8669484746-tbjhl -n mc2group -- /bin/sh
/ $ iperf -s -u -B 224.1.1.1 -i 1
------------------------------------------------------------
Server listening on UDP port 5001
Binding to local address 224.1.1.1
Joining multicast group  224.1.1.1
Receiving 1470 byte datagrams
UDP buffer size:  208 KByte (default)
------------------------------------------------------------


vagrant@k8smaster:~$ kubectl exec -it iperfmc1-6479845666-xv48j -n mc1group -- /bin/sh
/ $ iperf -s -u -B 224.1.1.1 -i 1
------------------------------------------------------------
Server listening on UDP port 5001
Binding to local address 224.1.1.1
Joining multicast group  224.1.1.1
Receiving 1470 byte datagrams
UDP buffer size:  208 KByte (default)
------------------------------------------------------------






vagrant@k8smaster:~$ kubectl exec -it -n mc1group iperfmc1-6479845666-gzfsm -- /bin/sh
/ $
/ $ route -n
Kernel IP routing table
Destination     Gateway         Genmask         Flags Metric Ref    Use Iface
0.0.0.0         192.168.1.1     0.0.0.0         UG    0      0        0 eth0
192.168.1.0     0.0.0.0         255.255.255.0   U     0      0        0 eth0
/ $ ip a
1: lo: <LOOPBACK,UP,LOWER_UP> mtu 65536 qdisc noqueue state UNKNOWN qlen 1
    link/loopback 00:00:00:00:00:00 brd 00:00:00:00:00:00
    inet 127.0.0.1/8 scope host lo
       valid_lft forever preferred_lft forever
3: eth0@if12: <BROADCAST,MULTICAST,UP,LOWER_UP,M-DOWN> mtu 1400 qdisc noqueue state UP
    link/ether 0a:00:00:00:00:02 brd ff:ff:ff:ff:ff:ff
    inet 192.168.1.3/24 brd 192.168.1.255 scope global eth0
       valid_lft forever preferred_lft forever
/ $ ifconfig eth0
eth0      Link encap:Ethernet  HWaddr 0A:00:00:00:00:02
          inet addr:192.168.1.3  Bcast:192.168.1.255  Mask:255.255.255.0
          UP BROADCAST RUNNING MULTICAST  MTU:1400  Metric:1
          RX packets:59985 errors:0 dropped:0 overruns:0 frame:0
          TX packets:54199 errors:0 dropped:0 overruns:0 carrier:0
          collisions:0 txqueuelen:0
          RX bytes:3984474 (3.7 MiB)  TX bytes:2647414970 (2.4 GiB)

/ $







vagrant@k8sminion1:~$ sudo route del default gw 192.168.133.2 dev enp0s8
vagrant@k8sminion1:~$ sudo apt install iperf
Reading state information... Done
The following NEW packages will be installed:
  iperf
0 upgraded, 1 newly installed, 0 to remove and 7 not upgraded.
Need to get 51.0 kB of archives.
After this operation, 184 kB of additional disk space will be used.
Get:1 http://archive.ubuntu.com/ubuntu xenial/universe amd64 iperf amd64 2.0.5+dfsg1-2 [51.0 kB]
Fetched 51.0 kB in 1s (46.8 kB/s)
Selecting previously unselected package iperf.
(Reading database ... 66857 files and directories currently installed.)
Preparing to unpack .../iperf_2.0.5+dfsg1-2_amd64.deb ...
Unpacking iperf (2.0.5+dfsg1-2) ...
Processing triggers for man-db (2.7.5-1) ...
Setting up iperf (2.0.5+dfsg1-2) ...
vagrant@k8sminion1:~$ sudo route add default gw 192.168.33.2
vagrant@k8sminion1:~$






vagrant@k8smaster:~$ iperf -s -u -B 224.1.1.1 -i 1
------------------------------------------------------------
Server listening on UDP port 5001
Binding to local address 224.1.1.1
Joining multicast group  224.1.1.1
Receiving 1470 byte datagrams
UDP buffer size:  208 KByte (default)
------------------------------------------------------------
[  3] local 224.1.1.1 port 5001 connected with 192.168.33.12 port 43835
[ ID] Interval       Transfer     Bandwidth        Jitter   Lost/Total Datagrams
[  3]  0.0- 0.3 sec  38.8 KBytes  1.05 Mbits/sec   0.095 ms  242/  269 (90%)
[  4] local 224.1.1.1 port 5001 connected with 192.168.33.12 port 38326
[  4]  0.0- 1.0 sec   128 KBytes  1.05 Mbits/sec   0.095 ms    0/   89 (0%)
[  4]  1.0- 2.0 sec   128 KBytes  1.05 Mbits/sec   0.098 ms    0/   89 (0%)
[  4]  2.0- 3.0 sec   128 KBytes  1.05 Mbits/sec   0.117 ms    0/   89 (0%)
[  4]  0.0- 3.0 sec   386 KBytes  1.05 Mbits/sec   0.120 ms    0/  269 (0%)


vagrant@k8sminion1:~$ sudo route del default gw 10.0.2.2 dev enp0s3
vagrant@k8sminion1:~$ iperf -c 224.1.1.1 -u -T 32 -t 3 -i 1
------------------------------------------------------------
Client connecting to 224.1.1.1, UDP port 5001
Sending 1470 byte datagrams
Setting multicast TTL to 32
UDP buffer size:  208 KByte (default)
------------------------------------------------------------
[  3] local 192.168.33.12 port 43835 connected with 224.1.1.1 port 5001
[ ID] Interval       Transfer     Bandwidth
[  3]  0.0- 1.0 sec   129 KBytes  1.06 Mbits/sec
[  3]  1.0- 2.0 sec   128 KBytes  1.05 Mbits/sec
[  3]  2.0- 3.0 sec   128 KBytes  1.05 Mbits/sec
[  3]  0.0- 3.0 sec   386 KBytes  1.05 Mbits/sec
[  3] Sent 269 datagrams



vagrant@k8sminion2:~$ iperf -s -u -B 224.1.1.1 -i 1
------------------------------------------------------------
Server listening on UDP port 5001
Binding to local address 224.1.1.1
Joining multicast group  224.1.1.1
Receiving 1470 byte datagrams
UDP buffer size:  208 KByte (default)
------------------------------------------------------------
[  3] local 224.1.1.1 port 5001 connected with 192.168.33.11 port 39322
[ ID] Interval       Transfer     Bandwidth        Jitter   Lost/Total Datagrams
[  3]  0.0- 1.0 sec   128 KBytes  1.05 Mbits/sec   0.075 ms    0/   89 (0%)
[  3]  1.0- 2.0 sec   128 KBytes  1.05 Mbits/sec   0.070 ms    0/   89 (0%)
[  3]  2.0- 3.0 sec   128 KBytes  1.05 Mbits/sec   0.066 ms    0/   89 (0%)
[  3]  0.0- 3.0 sec   386 KBytes  1.05 Mbits/sec   0.062 ms    0/  269 (0%)
[  4] local 224.1.1.1 port 5001 connected with 192.168.33.12 port 43835
[  4]  0.0- 1.0 sec   128 KBytes  1.05 Mbits/sec   0.094 ms    0/   89 (0%)
[  4]  1.0- 2.0 sec   128 KBytes  1.05 Mbits/sec   0.051 ms    0/   89 (0%)
[  4]  2.0- 3.0 sec   128 KBytes  1.05 Mbits/sec   0.064 ms    0/   89 (0%)
[  4]  0.0- 3.0 sec   386 KBytes  1.05 Mbits/sec   0.081 ms    0/  269 (0%)
[  3] local 224.1.1.1 port 5001 connected with 192.168.33.12 port 38326
[  3]  0.0- 1.0 sec   128 KBytes  1.05 Mbits/sec   0.080 ms    0/   89 (0%)
[  3]  1.0- 2.0 sec   128 KBytes  1.05 Mbits/sec   0.071 ms    0/   89 (0%)
[  3]  2.0- 3.0 sec   128 KBytes  1.05 Mbits/sec   0.078 ms    0/   89 (0%)
[  3]  0.0- 3.0 sec   386 KBytes  1.05 Mbits/sec   0.078 ms    0/  269 (0%)

       
       
